Test log entry
Timestamp: 2025-12-14
Testing log auto-commit
